Starting job 4237112 on c1-26 on Fox at Tue Sep 29 12:59:52 CEST 2026

primary.paths:
chr1 chr2 chr3 chr4 chr5 chr6 chr7 chr8 chr9 chr10 chr11 chr12 chr13 chr14 chr15 chr16 chr17 chr18 chr19 chr20 chr21 chr22 chrX chrY 
=== 1. vg paths -F (graph -> FASTA, primary contigs only) ===
=== 2. force karyotypic order, index, dict ===
-rwxrwx---+ 1 ec-pubuduss ec232-member-group       4636 Sep 29 13:02 /projects/ec232/ngs/analysis/AUS/girrfe_mapper/vg_mapping_exercises/tiny_ref/Homo_sapiens_assembly38.primary.gbz.dict
-rwxrwx---+ 1 ec-pubuduss ec232-member-group 3126873374 Sep 29 13:01 /projects/ec232/ngs/analysis/AUS/girrfe_mapper/vg_mapping_exercises/tiny_ref/Homo_sapiens_assembly38.primary.gbz.fa
-rwxrwx---+ 1 ec-pubuduss ec232-member-group        760 Sep 29 13:01 /projects/ec232/ngs/analysis/AUS/girrfe_mapper/vg_mapping_exercises/tiny_ref/Homo_sapiens_assembly38.primary.gbz.fa.fai
=== 3. checks ===
CHECK 1 contigs/order == primary.paths: OK
CHECK 2 sequences == source FASTA: OK -- ONLY IUPAC->N (94 sites) -- expected vg behaviour, harmless for bqsr/callers
chr1	248956422
chr2	242193529
chr3	198295559
chr4	190214555
chr5	181538259
chr6	170805979
chr7	159345973
chr8	145138636
chr9	138394717
chr10	133797422
chr11	135086622
chr12	133275309
chr13	114364328
chr14	107043718
chr15	101991189
chr16	90338345
chr17	83257441
chr18	80373285
chr19	58617616
chr20	64444167
chr21	46709983
chr22	50818468
chrX	156040895
chrY	57227415
Done: params.ref = /projects/ec232/ngs/analysis/AUS/girrfe_mapper/vg_mapping_exercises/tiny_ref/Homo_sapiens_assembly38.primary.gbz.fa

Job 4237112 consumed 1.1 billing hours from project ec232.

Submitted 2026-09-29T12:59:51; waited 1.0 seconds in the queue after becoming eligible to run.

Requested wallclock time: 2.0 hours
Elapsed wallclock time:   4.1 minutes

Job exited normally.

Task and CPU statistics:
ID             CPUs  Tasks  CPU util                Start  Elapsed  Exit status
4237112           2            0.0 %  2026-09-29T12:59:52  246.0 s  0
4237112.batch     2      1    51.0 %  2026-09-29T12:59:52  246.0 s  0

Used CPU time:   4.2 CPU minutes
Unused CPU time: 4.0 CPU minutes

Memory statistics, in GiB:
ID              Alloc   Usage
4237112          64.0        
4237112.batch    64.0    10.4

Job 4237112 completed at Tue Sep 29 13:03:58 CEST 2026
