=== 1. SLURM ENVIRONMENT & ALLOCATION ===
Host Node: gpu-4
Job ID: 393509
Allocated GPUs: 0
Host CUDA_VISIBLE_DEVICES: 0
ReqNodeList= (null) ExcNodeList= (null)
NodeList=gpu-4
ReqTRES=cpu=1, mem=8000M, node=1, gres/gpu=1
AllocTRES=cpu=1, mem=8000M, node=1, gres/gpu=1

=== 2. HOST GPU HARDWARE & DRIVER ===
index, name, compute_cap, driver_version, memory. total [MiB]
O, NVIDIA H200 NVL, 9.0, 595.71.05, 143771 MiB

=== 3. MOUNT PERMISSIONS (Checking for noexec) === wwroot on / type tmpfs (rw, relatime, inode64, mpol=interleave: 0-1)
devtmpfs on /dev type devtmpfs (rw, relatime, size=790841060k, nr_inodes=197710265, mode=755, inode64)
tmpfs on /run type tmpfs (rw, nosuid, nodev, mode=755, inode64)
none on /run/credentials/systemd-tmpfiles-setup-dev.service type ramfs (ro, nosuid, nodev, noexec, relatime, mode=700)
tmpfs on /run/shm type tmpfs (rw, relatime, inode64)
none on /run/credentials/systemd-tmpfiles-setup.service type ramfs (ro, nosuid, nodev, noexec, relatime, mode=700)
projects01 on /gpfs/projects01 type gpfs (rw, relatime)
wwroot on/tmp type tmpfs (rw, relatime, inode64, mpol=interleave: 0-1) wwroot on /var/tmp type tmpfs (rw, relatime, inode64, mpol=interleave: 0-1)
tmpfs on /dev/shm type tmpfs (rw, relatime, inode64)

=== 4. SINGULARITY GPU RECOGNITION (Standard --nv) ===
index,
index, name, compute_cap O, NVIDIA H200 NVL, 9.0

=== 5. SINGULARITY ENVIRONMENT PASS-THROUGH ===
Without explicit pass-through:
CUDA_VERSION=12.3.0
CUDA VISIBLE DEVICES=O
NVIDIA DRIVER CAPABILITlES=compute,utilitv
NVIDIA_REQUIRE_CUDA=cuda>=12.3 brand=tesla,driver>=470, driver<471 brand=unknown,driver>=470, driver<471 brand=nvidia,driver>=470, driver<471 brand=nvidiartx,driver>=470, driver<471 brand=geforce, driver>=470, driver<471 brand=geforcertx, driver>=470 driver<471 brand=quadro,driver>=470, driver<471 brand=quadrortx,driver>=470,driver<471 brand=titan, driver>=470, driver<471 brand=titanrtx,driver>=470, driver<471 brand=tesla, driver>=525, driver<526 brand=unknown, driver>=525, driver <526 brand=nvidia driver>=525, driver<526 brand=nvidiartx, driver>=525, driver<526 brand=geforce, driver>=525, driver<526 brand=geforcertx, driver>=525, driver<526 brand=quadro, driver>=525, driver<526 brand=quadrortx, driver>=525, driver<526 brand=titan, driver>=525, driver <526 brand=titanrtx, driver>=525, driver<526 brand=tesla,driver>=535, driver<536 brand=unknown, driver>=535, driver<536 brand=nvidia,driver>=535, driver<536 brand=nvidiartx,driver>=535, driver<536 brand=geforce,driver>=535, driver<536 brand=geforcertx driver>=535, driver<536 brand=quadro, driver›=535, driver<536 brand=quadrortx,driver>=535, driver<536 brand=titan, driver>=535, driver<536 brand=titanrtx,driver>=535,driver<536
NVIDTA VISTBLE DEVICES=all
NV_CUDA_COMPAT_PACKAGE=cuda-compat-12-3
NV_CUDA_CUDART_VERSION=12.3.52-1

=== 6. PARABRICKS RUNTIME TEST ===
INFO:
Environment variable SINGULARITYENV_CUDA_VISIBLE_DEVICES is set, but APPTAINERENV_CUDA_VISIBLE_DEVICES is preferred
Please visit https://docs.nvidia.com/clara/#parabricks for detailed